<testsuites id="" name="" tests="1" failures="0" skipped="0" errors="0" time="9.102899">
<testsuite name="loginTest.spec.js" timestamp="2025-03-11T13:12:18.416Z" hostname="chromium" tests="1" failures="0" skipped="0" time="6.656" errors="0">
<testcase name="Login Page Test" classname="loginTest.spec.js" time="6.656">
</testcase>
</testsuite>
</testsuites>